// Jest Snapshot v1, https://goo.gl/fbAQLP

exports[`should have run 'generate:configs' script when changing config rules 1`] = `
Object {
  "angular": Object {
    "plugins": Array [
      "testing-library",
    ],
    "rules": Object {
      "testing-library/await-async-query": "error",
      "testing-library/await-async-utils": "error",
      "testing-library/no-await-sync-query": "error",
      "testing-library/no-container": "error",
      "testing-library/no-debugging-utils": "error",
      "testing-library/no-dom-import": Array [
        "error",
        "angular",
      ],
      "testing-library/no-node-access": "error",
      "testing-library/no-promise-in-fire-event": "error",
      "testing-library/no-render-in-lifecycle": "error",
      "testing-library/no-wait-for-empty-callback": "error",
      "testing-library/no-wait-for-multiple-assertions": "error",
      "testing-library/no-wait-for-side-effects": "error",
      "testing-library/no-wait-for-snapshot": "error",
      "testing-library/prefer-find-by": "error",
      "testing-library/prefer-presence-queries": "error",
      "testing-library/prefer-query-by-disappearance": "error",
      "testing-library/prefer-screen-queries": "error",
      "testing-library/render-result-naming-convention": "error",
    },
  },
  "dom": Object {
    "plugins": Array [
      "testing-library",
    ],
    "rules": Object {
      "testing-library/await-async-query": "error",
      "testing-library/await-async-utils": "error",
      "testing-library/no-await-sync-query": "error",
      "testing-library/no-promise-in-fire-event": "error",
      "testing-library/no-wait-for-empty-callback": "error",
      "testing-library/no-wait-for-multiple-assertions": "error",
      "testing-library/no-wait-for-side-effects": "error",
      "testing-library/no-wait-for-snapshot": "error",
      "testing-library/prefer-find-by": "error",
      "testing-library/prefer-presence-queries": "error",
      "testing-library/prefer-query-by-disappearance": "error",
      "testing-library/prefer-screen-queries": "error",
    },
  },
  "marko": Object {
    "plugins": Array [
      "testing-library",
    ],
    "rules": Object {
      "testing-library/await-async-query": "error",
      "testing-library/await-async-utils": "error",
      "testing-library/await-fire-event": "error",
      "testing-library/no-await-sync-query": "error",
      "testing-library/no-container": "error",
      "testing-library/no-debugging-utils": "error",
      "testing-library/no-dom-import": Array [
        "error",
        "marko",
      ],
      "testing-library/no-node-access": "error",
      "testing-library/no-promise-in-fire-event": "error",
      "testing-library/no-render-in-lifecycle": "error",
      "testing-library/no-unnecessary-act": "error",
      "testing-library/no-wait-for-empty-callback": "error",
      "testing-library/no-wait-for-multiple-assertions": "error",
      "testing-library/no-wait-for-side-effects": "error",
      "testing-library/no-wait-for-snapshot": "error",
      "testing-library/prefer-find-by": "error",
      "testing-library/prefer-presence-queries": "error",
      "testing-library/prefer-query-by-disappearance": "error",
      "testing-library/prefer-screen-queries": "error",
      "testing-library/render-result-naming-convention": "error",
    },
  },
  "react": Object {
    "plugins": Array [
      "testing-library",
    ],
    "rules": Object {
      "testing-library/await-async-query": "error",
      "testing-library/await-async-utils": "error",
      "testing-library/no-await-sync-query": "error",
      "testing-library/no-container": "error",
      "testing-library/no-debugging-utils": "error",
      "testing-library/no-dom-import": Array [
        "error",
        "react",
      ],
      "testing-library/no-node-access": "error",
      "testing-library/no-promise-in-fire-event": "error",
      "testing-library/no-render-in-lifecycle": "error",
      "testing-library/no-unnecessary-act": "error",
      "testing-library/no-wait-for-empty-callback": "error",
      "testing-library/no-wait-for-multiple-assertions": "error",
      "testing-library/no-wait-for-side-effects": "error",
      "testing-library/no-wait-for-snapshot": "error",
      "testing-library/prefer-find-by": "error",
      "testing-library/prefer-presence-queries": "error",
      "testing-library/prefer-query-by-disappearance": "error",
      "testing-library/prefer-screen-queries": "error",
      "testing-library/render-result-naming-convention": "error",
    },
  },
  "vue": Object {
    "plugins": Array [
      "testing-library",
    ],
    "rules": Object {
      "testing-library/await-async-query": "error",
      "testing-library/await-async-utils": "error",
      "testing-library/await-fire-event": "error",
      "testing-library/no-await-sync-query": "error",
      "testing-library/no-container": "error",
      "testing-library/no-debugging-utils": "error",
      "testing-library/no-dom-import": Array [
        "error",
        "vue",
      ],
      "testing-library/no-node-access": "error",
      "testing-library/no-promise-in-fire-event": "error",
      "testing-library/no-render-in-lifecycle": "error",
      "testing-library/no-wait-for-empty-callback": "error",
      "testing-library/no-wait-for-multiple-assertions": "error",
      "testing-library/no-wait-for-side-effects": "error",
      "testing-library/no-wait-for-snapshot": "error",
      "testing-library/prefer-find-by": "error",
      "testing-library/prefer-presence-queries": "error",
      "testing-library/prefer-query-by-disappearance": "error",
      "testing-library/prefer-screen-queries": "error",
      "testing-library/render-result-naming-convention": "error",
    },
  },
}
`;
